
> utkristi-edit@0.1.0 build
> react-scripts build

Creating an optimized production build...
Failed to compile.

[eslint] 
src\pages\Snippets.js
  Line 99:26:  'Terminal' is not defined  react/jsx-no-undef

Search for the keywords to learn more about each error.


